============================================================
≡ƒº¬ BotMind Test Suite
============================================================

≡ƒô¥ Testing NLU Parser...
----------------------------------------
Γ£à "can you get me some iron?"
   Expected: mine, Got: mine
   Target: iron?, Count: 64, Confidence: 0.8

Γ£à "mine 32 diamond ore"
   Expected: mine, Got: mine
   Target: diamond_ore, Count: 32, Confidence: 0.8

Γ£à "I need some wood"
   Expected: mine, Got: mine
   Target: oak_log, Count: 64, Confidence: 0.8

Γ£à "bring me coal please"
   Expected: mine, Got: mine
   Target: coal_please, Count: 64, Confidence: 0.8

Γ£à "gather some cobblestone"
   Expected: mine, Got: mine
   Target: cobblestone, Count: 64, Confidence: 0.8

Γ£à "make me a diamond pickaxe"
   Expected: make, Got: make
   Target: diamond_pickaxe, Count: 1, Confidence: 0.8

Γ£à "craft 5 torches"
   Expected: make, Got: make
   Target: torches, Count: 5, Confidence: 0.8

Γ¥î "I need a wooden sword"
   Expected: make, Got: mine
   Target: a_wooden_sword, Count: 64, Confidence: 0.8

Γ£à "build me a furnace"
   Expected: make, Got: make
   Target: furnace, Count: 1, Confidence: 0.8

Γ¥î "come here please"
   Expected: come, Got: mine
   Target: come_here, Count: 64, Confidence: 0.8

Γ£à "follow me"
   Expected: come, Got: come
   Target: TestPlayer, Count: undefined, Confidence: 0.9

Γ£à "go to 100 64 200"
   Expected: go, Got: go
   Target: [object Object], Count: undefined, Confidence: 0.9

Γ£à "kill all the zombies"
   Expected: kill, Got: kill
   Target: zombie, Count: 10, Confidence: 0.8

Γ£à "attack the skeleton"
   Expected: kill, Got: kill
   Target: skeleton, Count: 10, Confidence: 0.8

Γ£à "hunt some animals"
   Expected: kill, Got: kill
   Target: some_animals, Count: 10, Confidence: 0.8

Γ£à "stop"
   Expected: stop, Got: stop
   Target: undefined, Count: undefined, Confidence: 0.95

Γ£à "please stop what you're doing"
   Expected: stop, Got: stop
   Target: undefined, Count: undefined, Confidence: 0.95

Γ£à "start farming"
   Expected: farm, Got: farm
   Target: null, Count: undefined, Confidence: 0.8

Γ£à "harvest the wheat"
   Expected: farm, Got: farm
   Target: null, Count: undefined, Confidence: 0.8

----------------------------------------
NLU Results: 17 passed, 2 failed out of 19

≡ƒôÜ Testing Knowledge Base...
----------------------------------------
Γ£à "wood" -> "oak_log" (expected: "oak_log")
Γ£à "diamonds" -> "diamond" (expected: "diamond")
Γ£à "iron pick" -> "iron_pickaxe" (expected: "iron_pickaxe")
Γ£à "stone sword" -> "stone_sword" (expected: "stone_sword")
Γ£à "table" -> "crafting_table" (expected: "crafting_table")

≡ƒöº Testing Craftable/Gatherable detection...
----------------------------------------
Γ£à diamond_pickaxe: craftable=true, gatherable=false
Γ£à iron_ore: craftable=false, gatherable=true
Γ£à oak_log: craftable=false, gatherable=true
Γ£à crafting_table: craftable=true, gatherable=false
Γ£à torch: craftable=true, gatherable=false

≡ƒÆ¼ Testing Response Generator...
----------------------------------------
Starting mine: Sure thing Player1! Mining iron ore now
Completed make: Your pickaxe is ready!
Error notFound: I don't see any diamonds
Status working: Still on it - mining iron
Status idle: Ready for commands!
Help: I can mine, craft, come to you, kill mobs, and farm! Just tell me what you need naturally, like 'get me some iron' or 'make me a pickaxe'

============================================================
≡ƒº¬ Test Complete!
============================================================

To test in-game, run: node ai-bot.js <server> <port>
Then send chat messages like:
  - "can you get me some iron?"
  - "make me a diamond pickaxe"
  - "come here please"
  - "kill all the zombies nearby"
